Archive Project report for arria_v_sfp_b_udp
Sun Jun 28 16:31:59 2020
Quartus Prime Version 17.1.0 Build 590 10/25/2017 SJ Standard Edition


---------------------
; Table of Contents ;
---------------------
  1. Legal Notice
  2. Archive Project Summary
  3. Archive Project Messages
  4. Files Archived



----------------
; Legal Notice ;
----------------
Copyright (C) 2017  Intel Corporation. All rights reserved.
Your use of Intel Corporation's design tools, logic functions 
and other software and tools, and its AMPP partner logic 
functions, and any output files from any of the foregoing 
(including device programming or simulation files), and any 
associated documentation or information are expressly subject 
to the terms and conditions of the Intel Program License 
Subscription Agreement, the Intel Quartus Prime License Agreement,
the Intel FPGA IP License Agreement, or other applicable license
agreement, including, without limitation, that your use is for
the sole purpose of programming logic devices manufactured by
Intel and sold by Intel or its authorized distributors.  Please
refer to the applicable agreement for further details.



+----------------------------------------------------------------+
; Archive Project Summary                                        ;
+------------------------+---------------------------------------+
; Archive Project Status ; Successful - Sun Jun 28 16:31:59 2020 ;
; Revision Name          ; arria_v_sfp_b_udp                     ;
; Top-level Entity Name  ; arria_v_sfp_b_udp                     ;
; Family                 ; Arria V                               ;
+------------------------+---------------------------------------+


+--------------------------+
; Archive Project Messages ;
+--------------------------+
Info: File Set 'Source control' contains:
    Info: Project source and settings files
    Info: Automatically detected source files
Warning: Hierarchical Platform Designer systems and custom IP components(_hw.tcl and associated files) are not archived by the Quartus Archiver
Info: Archive will store files relative to the closest common parent directory
Info (13213): Using common directory C:/Users/briansuneZ/Desktop/AirraV_Prj/arria_v_sfp_b_udp/
Info: ----------------------------------------------------------
Info: ----------------------------------------------------------
Info: Generated archive 'C:/Users/briansuneZ/Desktop/AirraV_Prj/arria_v_sfp_b_udp/arria_v_sfp_b_udp.qar'
Info: ----------------------------------------------------------
Info: ----------------------------------------------------------
Info: Generated report 'arria_v_sfp_b_udp.archive.rpt'
Info (23030): Evaluation of Tcl script c:/intelfpga/17.1/quartus/common/tcl/apps/qpm/qar.tcl was successful
Info: Quartus Prime Shell was successful. 0 errors, 1 warning
    Info: Peak virtual memory: 4855 megabytes
    Info: Processing ended: Sun Jun 28 16:31:59 2020
    Info: Elapsed time: 00:00:03
    Info: Total CPU time (on all processors): 00:00:04


+----------------------------------------------------------------------------------------------------------------------------------+
; Files Archived                                                                                                                   ;
+----------------------------------------------------------------------------------------------------------------------------------+
; File Name                                                                                                                        ;
+----------------------------------------------------------------------------------------------------------------------------------+
; arria_v_sfp_b_udp.qpf                                                                                                            ;
; arria_v_sfp_b_udp.qsf                                                                                                            ;
; c:/intelfpga/17.1/quartus/bin64/assignment_defaults.qdf                                                                          ;
; eth/arbiter.v                                                                                                                    ;
; eth/arp_64.v                                                                                                                     ;
; eth/arp_cache.v                                                                                                                  ;
; eth/arp_eth_rx_64.v                                                                                                              ;
; eth/arp_eth_tx_64.v                                                                                                              ;
; eth/axis_async_fifo.v                                                                                                            ;
; eth/axis_fifo.v                                                                                                                  ;
; eth/axis_xgmii_rx_64.v                                                                                                           ;
; eth/axis_xgmii_tx_64.v                                                                                                           ;
; eth/eth_arb_mux.v                                                                                                                ;
; eth/eth_axis_rx_64.v                                                                                                             ;
; eth/eth_axis_tx_64.v                                                                                                             ;
; eth/eth_mac_10g.v                                                                                                                ;
; eth/eth_mac_10g_fifo.v                                                                                                           ;
; eth/ip_64.v                                                                                                                      ;
; eth/ip_arb_mux.v                                                                                                                 ;
; eth/ip_complete_64.v                                                                                                             ;
; eth/ip_eth_rx_64.v                                                                                                               ;
; eth/ip_eth_tx_64.v                                                                                                               ;
; eth/lfsr.v                                                                                                                       ;
; eth/priority_encoder.v                                                                                                           ;
; eth/udp_64.v                                                                                                                     ;
; eth/udp_checksum_gen_64.v                                                                                                        ;
; eth/udp_complete_64.v                                                                                                            ;
; eth/udp_ip_rx_64.v                                                                                                               ;
; eth/udp_ip_tx_64.v                                                                                                               ;
; eth/xgmii_deinterleave.v                                                                                                         ;
; eth/xgmii_interleave.v                                                                                                           ;
; rtl/arria_v_sfp_b_udp.sdc                                                                                                        ;
; rtl/arria_v_sfp_b_udp.v                                                                                                          ;
; rtl/debounce_switch.v                                                                                                            ;
; rtl/network.v                                                                                                                    ;
; rtl/phy/phy.cmp                                                                                                                  ;
; rtl/phy/phy.qip                                                                                                                  ;
; rtl/phy/phy.sip                                                                                                                  ;
; rtl/phy/phy.spd                                                                                                                  ;
; rtl/phy/phy.v                                                                                                                    ;
; rtl/phy/phy/alt_10gbaser_pcs.ocp                                                                                                 ;
; rtl/phy/phy/alt_10gbaser_pcs.v                                                                                                   ;
; rtl/phy/phy/alt_10gbaser_phy.sdc                                                                                                 ;
; rtl/phy/phy/alt_reset_ctrl_lego.sv                                                                                               ;
; rtl/phy/phy/alt_reset_ctrl_tgx_cdrauto.sv                                                                                        ;
; rtl/phy/phy/alt_xcvr_arbiter.sv                                                                                                  ;
; rtl/phy/phy/alt_xcvr_csr_common.sv                                                                                               ;
; rtl/phy/phy/alt_xcvr_csr_common_h.sv                                                                                             ;
; rtl/phy/phy/alt_xcvr_csr_pcs8g.sv                                                                                                ;
; rtl/phy/phy/alt_xcvr_csr_pcs8g_h.sv                                                                                              ;
; rtl/phy/phy/alt_xcvr_csr_selector.sv                                                                                             ;
; rtl/phy/phy/alt_xcvr_m2s.sv                                                                                                      ;
; rtl/phy/phy/alt_xcvr_mgmt2dec.sv                                                                                                 ;
; rtl/phy/phy/alt_xcvr_reset_counter.sv                                                                                            ;
; rtl/phy/phy/alt_xcvr_resync.sv                                                                                                   ;
; rtl/phy/phy/altera_10gbaser_phy_1588_latency.sv                                                                                  ;
; rtl/phy/phy/altera_10gbaser_phy_async_fifo_fpga.sv                                                                               ;
; rtl/phy/phy/altera_10gbaser_phy_ber.v                                                                                            ;
; rtl/phy/phy/altera_10gbaser_phy_ber_cnt_ns.v                                                                                     ;
; rtl/phy/phy/altera_10gbaser_phy_ber_sm.v                                                                                         ;
; rtl/phy/phy/altera_10gbaser_phy_bitsync.v                                                                                        ;
; rtl/phy/phy/altera_10gbaser_phy_bitsync2.v                                                                                       ;
; rtl/phy/phy/altera_10gbaser_phy_blksync.v                                                                                        ;
; rtl/phy/phy/altera_10gbaser_phy_blksync_datapath.v                                                                               ;
; rtl/phy/phy/altera_10gbaser_phy_clk_ctrl.v                                                                                       ;
; rtl/phy/phy/altera_10gbaser_phy_clock_crosser.v                                                                                  ;
; rtl/phy/phy/altera_10gbaser_phy_clockcomp.sv                                                                                     ;
; rtl/phy/phy/altera_10gbaser_phy_decode.sv                                                                                        ;
; rtl/phy/phy/altera_10gbaser_phy_decode_type.sv                                                                                   ;
; rtl/phy/phy/altera_10gbaser_phy_descramble.v                                                                                     ;
; rtl/phy/phy/altera_10gbaser_phy_encode.sv                                                                                        ;
; rtl/phy/phy/altera_10gbaser_phy_encode_type.sv                                                                                   ;
; rtl/phy/phy/altera_10gbaser_phy_gearbox_exp.v                                                                                    ;
; rtl/phy/phy/altera_10gbaser_phy_gearbox_red.v                                                                                    ;
; rtl/phy/phy/altera_10gbaser_phy_lock_sm.v                                                                                        ;
; rtl/phy/phy/altera_10gbaser_phy_nto1mux.v                                                                                        ;
; rtl/phy/phy/altera_10gbaser_phy_params.sv                                                                                        ;
; rtl/phy/phy/altera_10gbaser_phy_pcs_10g.v                                                                                        ;
; rtl/phy/phy/altera_10gbaser_phy_pcs_10g_top.sv                                                                                   ;
; rtl/phy/phy/altera_10gbaser_phy_pipeline_base.v                                                                                  ;
; rtl/phy/phy/altera_10gbaser_phy_pipeline_stage.sv                                                                                ;
; rtl/phy/phy/altera_10gbaser_phy_prbs_gen_xg.v                                                                                    ;
; rtl/phy/phy/altera_10gbaser_phy_prbs_ver_xg.v                                                                                    ;
; rtl/phy/phy/altera_10gbaser_phy_random_err_cnt_ns.sv                                                                             ;
; rtl/phy/phy/altera_10gbaser_phy_random_gen.sv                                                                                    ;
; rtl/phy/phy/altera_10gbaser_phy_random_ver.sv                                                                                    ;
; rtl/phy/phy/altera_10gbaser_phy_random_ver_10g.sv                                                                                ;
; rtl/phy/phy/altera_10gbaser_phy_reg_map_av.sv                                                                                    ;
; rtl/phy/phy/altera_10gbaser_phy_register_with_byte_enable.v                                                                      ;
; rtl/phy/phy/altera_10gbaser_phy_rx_fifo.sv                                                                                       ;
; rtl/phy/phy/altera_10gbaser_phy_rx_fifo_wrap.v                                                                                   ;
; rtl/phy/phy/altera_10gbaser_phy_rx_sm_datapath.sv                                                                                ;
; rtl/phy/phy/altera_10gbaser_phy_rx_sm_ns.sv                                                                                      ;
; rtl/phy/phy/altera_10gbaser_phy_rx_top.v                                                                                         ;
; rtl/phy/phy/altera_10gbaser_phy_scramble.v                                                                                       ;
; rtl/phy/phy/altera_10gbaser_phy_square_wave_gen.v                                                                                ;
; rtl/phy/phy/altera_10gbaser_phy_tx_sm_datapath.sv                                                                                ;
; rtl/phy/phy/altera_10gbaser_phy_tx_sm_ns.sv                                                                                      ;
; rtl/phy/phy/altera_10gbaser_phy_tx_top.v                                                                                         ;
; rtl/phy/phy/altera_10gbaser_phy_word_align.v                                                                                     ;
; rtl/phy/phy/altera_std_synchronizer_nocut.v                                                                                      ;
; rtl/phy/phy/altera_wait_generate.v                                                                                               ;
; rtl/phy/phy/altera_xcvr_10gbaser.sv                                                                                              ;
; rtl/phy/phy/altera_xcvr_functions.sv                                                                                             ;
; rtl/phy/phy/altera_xcvr_native_av.sv                                                                                             ;
; rtl/phy/phy/altera_xcvr_native_av_functions_h.sv                                                                                 ;
; rtl/phy/phy/altera_xcvr_reset_control.sv                                                                                         ;
; rtl/phy/phy/av_hssi_8g_rx_pcs_rbc.sv                                                                                             ;
; rtl/phy/phy/av_hssi_8g_tx_pcs_rbc.sv                                                                                             ;
; rtl/phy/phy/av_hssi_common_pcs_pma_interface_rbc.sv                                                                              ;
; rtl/phy/phy/av_hssi_common_pld_pcs_interface_rbc.sv                                                                              ;
; rtl/phy/phy/av_hssi_pipe_gen1_2_rbc.sv                                                                                           ;
; rtl/phy/phy/av_hssi_rx_pcs_pma_interface_rbc.sv                                                                                  ;
; rtl/phy/phy/av_hssi_rx_pld_pcs_interface_rbc.sv                                                                                  ;
; rtl/phy/phy/av_hssi_tx_pcs_pma_interface_rbc.sv                                                                                  ;
; rtl/phy/phy/av_hssi_tx_pld_pcs_interface_rbc.sv                                                                                  ;
; rtl/phy/phy/av_pcs.sv                                                                                                            ;
; rtl/phy/phy/av_pcs_ch.sv                                                                                                         ;
; rtl/phy/phy/av_pma.sv                                                                                                            ;
; rtl/phy/phy/av_reconfig_bundle_to_basic.sv                                                                                       ;
; rtl/phy/phy/av_reconfig_bundle_to_xcvr.sv                                                                                        ;
; rtl/phy/phy/av_rx_pma.sv                                                                                                         ;
; rtl/phy/phy/av_tx_pma.sv                                                                                                         ;
; rtl/phy/phy/av_tx_pma_ch.sv                                                                                                      ;
; rtl/phy/phy/av_xcvr_10gbaser_native.sv                                                                                           ;
; rtl/phy/phy/av_xcvr_10gbaser_nr.sv                                                                                               ;
; rtl/phy/phy/av_xcvr_avmm.sv                                                                                                      ;
; rtl/phy/phy/av_xcvr_avmm_csr.sv                                                                                                  ;
; rtl/phy/phy/av_xcvr_data_adapter.sv                                                                                              ;
; rtl/phy/phy/av_xcvr_h.sv                                                                                                         ;
; rtl/phy/phy/av_xcvr_native.sv                                                                                                    ;
; rtl/phy/phy/av_xcvr_plls.sv                                                                                                      ;
; rtl/phy/phy/csr_pcs10gbaser.sv                                                                                                   ;
; rtl/phy/phy/csr_pcs10gbaser_h.sv                                                                                                 ;
; rtl/phy/phy/plain_files.txt                                                                                                      ;
; rtl/phy/phy/qencrypt_files.txt                                                                                                   ;
; rtl/phy/phy/sv_reconfig_bundle_merger.sv                                                                                         ;
; rtl/phy/phy/sv_reconfig_bundle_to_ip.sv                                                                                          ;
; rtl/phy/phy/sv_reconfig_bundle_to_xcvr.sv                                                                                        ;
; rtl/phy/phy_sim/altera_xcvr_10gbaser/aldec/alt_10gbaser_pcs.v                                                                    ;
; rtl/phy/phy_sim/altera_xcvr_10gbaser/aldec/altera_10gbaser_phy_1588_latency.sv                                                   ;
; rtl/phy/phy_sim/altera_xcvr_10gbaser/aldec/altera_10gbaser_phy_async_fifo_fpga.sv                                                ;
; rtl/phy/phy_sim/altera_xcvr_10gbaser/aldec/altera_10gbaser_phy_ber.v                                                             ;
; rtl/phy/phy_sim/altera_xcvr_10gbaser/aldec/altera_10gbaser_phy_ber_cnt_ns.v                                                      ;
; rtl/phy/phy_sim/altera_xcvr_10gbaser/aldec/altera_10gbaser_phy_ber_sm.v                                                          ;
; rtl/phy/phy_sim/altera_xcvr_10gbaser/aldec/altera_10gbaser_phy_bitsync.v                                                         ;
; rtl/phy/phy_sim/altera_xcvr_10gbaser/aldec/altera_10gbaser_phy_bitsync2.v                                                        ;
; rtl/phy/phy_sim/altera_xcvr_10gbaser/aldec/altera_10gbaser_phy_blksync.v                                                         ;
; rtl/phy/phy_sim/altera_xcvr_10gbaser/aldec/altera_10gbaser_phy_blksync_datapath.v                                                ;
; rtl/phy/phy_sim/altera_xcvr_10gbaser/aldec/altera_10gbaser_phy_clk_ctrl.v                                                        ;
; rtl/phy/phy_sim/altera_xcvr_10gbaser/aldec/altera_10gbaser_phy_clockcomp.sv                                                      ;
; rtl/phy/phy_sim/altera_xcvr_10gbaser/aldec/altera_10gbaser_phy_decode.sv                                                         ;
; rtl/phy/phy_sim/altera_xcvr_10gbaser/aldec/altera_10gbaser_phy_decode_type.sv                                                    ;
; rtl/phy/phy_sim/altera_xcvr_10gbaser/aldec/altera_10gbaser_phy_descramble.v                                                      ;
; rtl/phy/phy_sim/altera_xcvr_10gbaser/aldec/altera_10gbaser_phy_encode.sv                                                         ;
; rtl/phy/phy_sim/altera_xcvr_10gbaser/aldec/altera_10gbaser_phy_encode_type.sv                                                    ;
; rtl/phy/phy_sim/altera_xcvr_10gbaser/aldec/altera_10gbaser_phy_gearbox_exp.v                                                     ;
; rtl/phy/phy_sim/altera_xcvr_10gbaser/aldec/altera_10gbaser_phy_gearbox_red.v                                                     ;
; rtl/phy/phy_sim/altera_xcvr_10gbaser/aldec/altera_10gbaser_phy_lock_sm.v                                                         ;
; rtl/phy/phy_sim/altera_xcvr_10gbaser/aldec/altera_10gbaser_phy_nto1mux.v                                                         ;
; rtl/phy/phy_sim/altera_xcvr_10gbaser/aldec/altera_10gbaser_phy_params.sv                                                         ;
; rtl/phy/phy_sim/altera_xcvr_10gbaser/aldec/altera_10gbaser_phy_pcs_10g.v                                                         ;
; rtl/phy/phy_sim/altera_xcvr_10gbaser/aldec/altera_10gbaser_phy_pcs_10g_top.sv                                                    ;
; rtl/phy/phy_sim/altera_xcvr_10gbaser/aldec/altera_10gbaser_phy_prbs_gen_xg.v                                                     ;
; rtl/phy/phy_sim/altera_xcvr_10gbaser/aldec/altera_10gbaser_phy_prbs_ver_xg.v                                                     ;
; rtl/phy/phy_sim/altera_xcvr_10gbaser/aldec/altera_10gbaser_phy_random_err_cnt_ns.sv                                              ;
; rtl/phy/phy_sim/altera_xcvr_10gbaser/aldec/altera_10gbaser_phy_random_gen.sv                                                     ;
; rtl/phy/phy_sim/altera_xcvr_10gbaser/aldec/altera_10gbaser_phy_random_ver.sv                                                     ;
; rtl/phy/phy_sim/altera_xcvr_10gbaser/aldec/altera_10gbaser_phy_random_ver_10g.sv                                                 ;
; rtl/phy/phy_sim/altera_xcvr_10gbaser/aldec/altera_10gbaser_phy_reg_map_av.sv                                                     ;
; rtl/phy/phy_sim/altera_xcvr_10gbaser/aldec/altera_10gbaser_phy_register_with_byte_enable.v                                       ;
; rtl/phy/phy_sim/altera_xcvr_10gbaser/aldec/altera_10gbaser_phy_rx_fifo.sv                                                        ;
; rtl/phy/phy_sim/altera_xcvr_10gbaser/aldec/altera_10gbaser_phy_rx_fifo_wrap.v                                                    ;
; rtl/phy/phy_sim/altera_xcvr_10gbaser/aldec/altera_10gbaser_phy_rx_sm_datapath.sv                                                 ;
; rtl/phy/phy_sim/altera_xcvr_10gbaser/aldec/altera_10gbaser_phy_rx_sm_ns.sv                                                       ;
; rtl/phy/phy_sim/altera_xcvr_10gbaser/aldec/altera_10gbaser_phy_rx_top.v                                                          ;
; rtl/phy/phy_sim/altera_xcvr_10gbaser/aldec/altera_10gbaser_phy_scramble.v                                                        ;
; rtl/phy/phy_sim/altera_xcvr_10gbaser/aldec/altera_10gbaser_phy_square_wave_gen.v                                                 ;
; rtl/phy/phy_sim/altera_xcvr_10gbaser/aldec/altera_10gbaser_phy_tx_sm_datapath.sv                                                 ;
; rtl/phy/phy_sim/altera_xcvr_10gbaser/aldec/altera_10gbaser_phy_tx_sm_ns.sv                                                       ;
; rtl/phy/phy_sim/altera_xcvr_10gbaser/aldec/altera_10gbaser_phy_tx_top.v                                                          ;
; rtl/phy/phy_sim/altera_xcvr_10gbaser/aldec/altera_10gbaser_phy_word_align.v                                                      ;
; rtl/phy/phy_sim/altera_xcvr_10gbaser/aldec_files.txt                                                                             ;
; rtl/phy/phy_sim/altera_xcvr_10gbaser/alt_reset_ctrl_lego.sv                                                                      ;
; rtl/phy/phy_sim/altera_xcvr_10gbaser/alt_reset_ctrl_tgx_cdrauto.sv                                                               ;
; rtl/phy/phy_sim/altera_xcvr_10gbaser/alt_xcvr_arbiter.sv                                                                         ;
; rtl/phy/phy_sim/altera_xcvr_10gbaser/alt_xcvr_csr_common.sv                                                                      ;
; rtl/phy/phy_sim/altera_xcvr_10gbaser/alt_xcvr_csr_common_h.sv                                                                    ;
; rtl/phy/phy_sim/altera_xcvr_10gbaser/alt_xcvr_csr_pcs8g.sv                                                                       ;
; rtl/phy/phy_sim/altera_xcvr_10gbaser/alt_xcvr_csr_pcs8g_h.sv                                                                     ;
; rtl/phy/phy_sim/altera_xcvr_10gbaser/alt_xcvr_csr_selector.sv                                                                    ;
; rtl/phy/phy_sim/altera_xcvr_10gbaser/alt_xcvr_m2s.sv                                                                             ;
; rtl/phy/phy_sim/altera_xcvr_10gbaser/alt_xcvr_mgmt2dec.sv                                                                        ;
; rtl/phy/phy_sim/altera_xcvr_10gbaser/alt_xcvr_reset_counter.sv                                                                   ;
; rtl/phy/phy_sim/altera_xcvr_10gbaser/alt_xcvr_resync.sv                                                                          ;
; rtl/phy/phy_sim/altera_xcvr_10gbaser/altera_10gbaser_phy_clock_crosser.v                                                         ;
; rtl/phy/phy_sim/altera_xcvr_10gbaser/altera_10gbaser_phy_pipeline_base.v                                                         ;
; rtl/phy/phy_sim/altera_xcvr_10gbaser/altera_10gbaser_phy_pipeline_stage.sv                                                       ;
; rtl/phy/phy_sim/altera_xcvr_10gbaser/altera_std_synchronizer_nocut.v                                                             ;
; rtl/phy/phy_sim/altera_xcvr_10gbaser/altera_wait_generate.v                                                                      ;
; rtl/phy/phy_sim/altera_xcvr_10gbaser/altera_xcvr_10gbaser.sv                                                                     ;
; rtl/phy/phy_sim/altera_xcvr_10gbaser/altera_xcvr_functions.sv                                                                    ;
; rtl/phy/phy_sim/altera_xcvr_10gbaser/altera_xcvr_native_av.sv                                                                    ;
; rtl/phy/phy_sim/altera_xcvr_10gbaser/altera_xcvr_native_av_functions_h.sv                                                        ;
; rtl/phy/phy_sim/altera_xcvr_10gbaser/altera_xcvr_reset_control.sv                                                                ;
; rtl/phy/phy_sim/altera_xcvr_10gbaser/av_hssi_8g_rx_pcs_rbc.sv                                                                    ;
; rtl/phy/phy_sim/altera_xcvr_10gbaser/av_hssi_8g_tx_pcs_rbc.sv                                                                    ;
; rtl/phy/phy_sim/altera_xcvr_10gbaser/av_hssi_common_pcs_pma_interface_rbc.sv                                                     ;
; rtl/phy/phy_sim/altera_xcvr_10gbaser/av_hssi_common_pld_pcs_interface_rbc.sv                                                     ;
; rtl/phy/phy_sim/altera_xcvr_10gbaser/av_hssi_pipe_gen1_2_rbc.sv                                                                  ;
; rtl/phy/phy_sim/altera_xcvr_10gbaser/av_hssi_rx_pcs_pma_interface_rbc.sv                                                         ;
; rtl/phy/phy_sim/altera_xcvr_10gbaser/av_hssi_rx_pld_pcs_interface_rbc.sv                                                         ;
; rtl/phy/phy_sim/altera_xcvr_10gbaser/av_hssi_tx_pcs_pma_interface_rbc.sv                                                         ;
; rtl/phy/phy_sim/altera_xcvr_10gbaser/av_hssi_tx_pld_pcs_interface_rbc.sv                                                         ;
; rtl/phy/phy_sim/altera_xcvr_10gbaser/av_pcs.sv                                                                                   ;
; rtl/phy/phy_sim/altera_xcvr_10gbaser/av_pcs_ch.sv                                                                                ;
; rtl/phy/phy_sim/altera_xcvr_10gbaser/av_pma.sv                                                                                   ;
; rtl/phy/phy_sim/altera_xcvr_10gbaser/av_reconfig_bundle_to_basic.sv                                                              ;
; rtl/phy/phy_sim/altera_xcvr_10gbaser/av_reconfig_bundle_to_xcvr.sv                                                               ;
; rtl/phy/phy_sim/altera_xcvr_10gbaser/av_rx_pma.sv                                                                                ;
; rtl/phy/phy_sim/altera_xcvr_10gbaser/av_tx_pma.sv                                                                                ;
; rtl/phy/phy_sim/altera_xcvr_10gbaser/av_tx_pma_ch.sv                                                                             ;
; rtl/phy/phy_sim/altera_xcvr_10gbaser/av_xcvr_10gbaser_native.sv                                                                  ;
; rtl/phy/phy_sim/altera_xcvr_10gbaser/av_xcvr_10gbaser_nr.sv                                                                      ;
; rtl/phy/phy_sim/altera_xcvr_10gbaser/av_xcvr_avmm.sv                                                                             ;
; rtl/phy/phy_sim/altera_xcvr_10gbaser/av_xcvr_avmm_csr.sv                                                                         ;
; rtl/phy/phy_sim/altera_xcvr_10gbaser/av_xcvr_data_adapter.sv                                                                     ;
; rtl/phy/phy_sim/altera_xcvr_10gbaser/av_xcvr_h.sv                                                                                ;
; rtl/phy/phy_sim/altera_xcvr_10gbaser/av_xcvr_native.sv                                                                           ;
; rtl/phy/phy_sim/altera_xcvr_10gbaser/av_xcvr_plls.sv                                                                             ;
; rtl/phy/phy_sim/altera_xcvr_10gbaser/cadence_files.txt                                                                           ;
; rtl/phy/phy_sim/altera_xcvr_10gbaser/csr_pcs10gbaser.sv                                                                          ;
; rtl/phy/phy_sim/altera_xcvr_10gbaser/csr_pcs10gbaser_h.sv                                                                        ;
; rtl/phy/phy_sim/altera_xcvr_10gbaser/mentor/alt_10gbaser_pcs.v                                                                   ;
; rtl/phy/phy_sim/altera_xcvr_10gbaser/mentor/alt_reset_ctrl_lego.sv                                                               ;
; rtl/phy/phy_sim/altera_xcvr_10gbaser/mentor/alt_reset_ctrl_tgx_cdrauto.sv                                                        ;
; rtl/phy/phy_sim/altera_xcvr_10gbaser/mentor/alt_xcvr_arbiter.sv                                                                  ;
; rtl/phy/phy_sim/altera_xcvr_10gbaser/mentor/alt_xcvr_csr_common.sv                                                               ;
; rtl/phy/phy_sim/altera_xcvr_10gbaser/mentor/alt_xcvr_csr_common_h.sv                                                             ;
; rtl/phy/phy_sim/altera_xcvr_10gbaser/mentor/alt_xcvr_csr_pcs8g.sv                                                                ;
; rtl/phy/phy_sim/altera_xcvr_10gbaser/mentor/alt_xcvr_csr_pcs8g_h.sv                                                              ;
; rtl/phy/phy_sim/altera_xcvr_10gbaser/mentor/alt_xcvr_csr_selector.sv                                                             ;
; rtl/phy/phy_sim/altera_xcvr_10gbaser/mentor/alt_xcvr_m2s.sv                                                                      ;
; rtl/phy/phy_sim/altera_xcvr_10gbaser/mentor/alt_xcvr_mgmt2dec.sv                                                                 ;
; rtl/phy/phy_sim/altera_xcvr_10gbaser/mentor/alt_xcvr_reset_counter.sv                                                            ;
; rtl/phy/phy_sim/altera_xcvr_10gbaser/mentor/alt_xcvr_resync.sv                                                                   ;
; rtl/phy/phy_sim/altera_xcvr_10gbaser/mentor/altera_10gbaser_phy_1588_latency.sv                                                  ;
; rtl/phy/phy_sim/altera_xcvr_10gbaser/mentor/altera_10gbaser_phy_async_fifo_fpga.sv                                               ;
; rtl/phy/phy_sim/altera_xcvr_10gbaser/mentor/altera_10gbaser_phy_ber.v                                                            ;
; rtl/phy/phy_sim/altera_xcvr_10gbaser/mentor/altera_10gbaser_phy_ber_cnt_ns.v                                                     ;
; rtl/phy/phy_sim/altera_xcvr_10gbaser/mentor/altera_10gbaser_phy_ber_sm.v                                                         ;
; rtl/phy/phy_sim/altera_xcvr_10gbaser/mentor/altera_10gbaser_phy_bitsync.v                                                        ;
; rtl/phy/phy_sim/altera_xcvr_10gbaser/mentor/altera_10gbaser_phy_bitsync2.v                                                       ;
; rtl/phy/phy_sim/altera_xcvr_10gbaser/mentor/altera_10gbaser_phy_blksync.v                                                        ;
; rtl/phy/phy_sim/altera_xcvr_10gbaser/mentor/altera_10gbaser_phy_blksync_datapath.v                                               ;
; rtl/phy/phy_sim/altera_xcvr_10gbaser/mentor/altera_10gbaser_phy_clk_ctrl.v                                                       ;
; rtl/phy/phy_sim/altera_xcvr_10gbaser/mentor/altera_10gbaser_phy_clock_crosser.v                                                  ;
; rtl/phy/phy_sim/altera_xcvr_10gbaser/mentor/altera_10gbaser_phy_clockcomp.sv                                                     ;
; rtl/phy/phy_sim/altera_xcvr_10gbaser/mentor/altera_10gbaser_phy_decode.sv                                                        ;
; rtl/phy/phy_sim/altera_xcvr_10gbaser/mentor/altera_10gbaser_phy_decode_type.sv                                                   ;
; rtl/phy/phy_sim/altera_xcvr_10gbaser/mentor/altera_10gbaser_phy_descramble.v                                                     ;
; rtl/phy/phy_sim/altera_xcvr_10gbaser/mentor/altera_10gbaser_phy_encode.sv                                                        ;
; rtl/phy/phy_sim/altera_xcvr_10gbaser/mentor/altera_10gbaser_phy_encode_type.sv                                                   ;
; rtl/phy/phy_sim/altera_xcvr_10gbaser/mentor/altera_10gbaser_phy_gearbox_exp.v                                                    ;
; rtl/phy/phy_sim/altera_xcvr_10gbaser/mentor/altera_10gbaser_phy_gearbox_red.v                                                    ;
; rtl/phy/phy_sim/altera_xcvr_10gbaser/mentor/altera_10gbaser_phy_lock_sm.v                                                        ;
; rtl/phy/phy_sim/altera_xcvr_10gbaser/mentor/altera_10gbaser_phy_nto1mux.v                                                        ;
; rtl/phy/phy_sim/altera_xcvr_10gbaser/mentor/altera_10gbaser_phy_params.sv                                                        ;
; rtl/phy/phy_sim/altera_xcvr_10gbaser/mentor/altera_10gbaser_phy_pcs_10g.v                                                        ;
; rtl/phy/phy_sim/altera_xcvr_10gbaser/mentor/altera_10gbaser_phy_pcs_10g_top.sv                                                   ;
; rtl/phy/phy_sim/altera_xcvr_10gbaser/mentor/altera_10gbaser_phy_pipeline_base.v                                                  ;
; rtl/phy/phy_sim/altera_xcvr_10gbaser/mentor/altera_10gbaser_phy_pipeline_stage.sv                                                ;
; rtl/phy/phy_sim/altera_xcvr_10gbaser/mentor/altera_10gbaser_phy_prbs_gen_xg.v                                                    ;
; rtl/phy/phy_sim/altera_xcvr_10gbaser/mentor/altera_10gbaser_phy_prbs_ver_xg.v                                                    ;
; rtl/phy/phy_sim/altera_xcvr_10gbaser/mentor/altera_10gbaser_phy_random_err_cnt_ns.sv                                             ;
; rtl/phy/phy_sim/altera_xcvr_10gbaser/mentor/altera_10gbaser_phy_random_gen.sv                                                    ;
; rtl/phy/phy_sim/altera_xcvr_10gbaser/mentor/altera_10gbaser_phy_random_ver.sv                                                    ;
; rtl/phy/phy_sim/altera_xcvr_10gbaser/mentor/altera_10gbaser_phy_random_ver_10g.sv                                                ;
; rtl/phy/phy_sim/altera_xcvr_10gbaser/mentor/altera_10gbaser_phy_reg_map_av.sv                                                    ;
; rtl/phy/phy_sim/altera_xcvr_10gbaser/mentor/altera_10gbaser_phy_register_with_byte_enable.v                                      ;
; rtl/phy/phy_sim/altera_xcvr_10gbaser/mentor/altera_10gbaser_phy_rx_fifo.sv                                                       ;
; rtl/phy/phy_sim/altera_xcvr_10gbaser/mentor/altera_10gbaser_phy_rx_fifo_wrap.v                                                   ;
; rtl/phy/phy_sim/altera_xcvr_10gbaser/mentor/altera_10gbaser_phy_rx_sm_datapath.sv                                                ;
; rtl/phy/phy_sim/altera_xcvr_10gbaser/mentor/altera_10gbaser_phy_rx_sm_ns.sv                                                      ;
; rtl/phy/phy_sim/altera_xcvr_10gbaser/mentor/altera_10gbaser_phy_rx_top.v                                                         ;
; rtl/phy/phy_sim/altera_xcvr_10gbaser/mentor/altera_10gbaser_phy_scramble.v                                                       ;
; rtl/phy/phy_sim/altera_xcvr_10gbaser/mentor/altera_10gbaser_phy_square_wave_gen.v                                                ;
; rtl/phy/phy_sim/altera_xcvr_10gbaser/mentor/altera_10gbaser_phy_tx_sm_datapath.sv                                                ;
; rtl/phy/phy_sim/altera_xcvr_10gbaser/mentor/altera_10gbaser_phy_tx_sm_ns.sv                                                      ;
; rtl/phy/phy_sim/altera_xcvr_10gbaser/mentor/altera_10gbaser_phy_tx_top.v                                                         ;
; rtl/phy/phy_sim/altera_xcvr_10gbaser/mentor/altera_10gbaser_phy_word_align.v                                                     ;
; rtl/phy/phy_sim/altera_xcvr_10gbaser/mentor/altera_wait_generate.v                                                               ;
; rtl/phy/phy_sim/altera_xcvr_10gbaser/mentor/altera_xcvr_10gbaser.sv                                                              ;
; rtl/phy/phy_sim/altera_xcvr_10gbaser/mentor/altera_xcvr_functions.sv                                                             ;
; rtl/phy/phy_sim/altera_xcvr_10gbaser/mentor/altera_xcvr_native_av.sv                                                             ;
; rtl/phy/phy_sim/altera_xcvr_10gbaser/mentor/altera_xcvr_native_av_functions_h.sv                                                 ;
; rtl/phy/phy_sim/altera_xcvr_10gbaser/mentor/altera_xcvr_reset_control.sv                                                         ;
; rtl/phy/phy_sim/altera_xcvr_10gbaser/mentor/av_hssi_8g_rx_pcs_rbc.sv                                                             ;
; rtl/phy/phy_sim/altera_xcvr_10gbaser/mentor/av_hssi_8g_tx_pcs_rbc.sv                                                             ;
; rtl/phy/phy_sim/altera_xcvr_10gbaser/mentor/av_hssi_common_pcs_pma_interface_rbc.sv                                              ;
; rtl/phy/phy_sim/altera_xcvr_10gbaser/mentor/av_hssi_common_pld_pcs_interface_rbc.sv                                              ;
; rtl/phy/phy_sim/altera_xcvr_10gbaser/mentor/av_hssi_pipe_gen1_2_rbc.sv                                                           ;
; rtl/phy/phy_sim/altera_xcvr_10gbaser/mentor/av_hssi_rx_pcs_pma_interface_rbc.sv                                                  ;
; rtl/phy/phy_sim/altera_xcvr_10gbaser/mentor/av_hssi_rx_pld_pcs_interface_rbc.sv                                                  ;
; rtl/phy/phy_sim/altera_xcvr_10gbaser/mentor/av_hssi_tx_pcs_pma_interface_rbc.sv                                                  ;
; rtl/phy/phy_sim/altera_xcvr_10gbaser/mentor/av_hssi_tx_pld_pcs_interface_rbc.sv                                                  ;
; rtl/phy/phy_sim/altera_xcvr_10gbaser/mentor/av_pcs.sv                                                                            ;
; rtl/phy/phy_sim/altera_xcvr_10gbaser/mentor/av_pcs_ch.sv                                                                         ;
; rtl/phy/phy_sim/altera_xcvr_10gbaser/mentor/av_pma.sv                                                                            ;
; rtl/phy/phy_sim/altera_xcvr_10gbaser/mentor/av_reconfig_bundle_to_basic.sv                                                       ;
; rtl/phy/phy_sim/altera_xcvr_10gbaser/mentor/av_reconfig_bundle_to_xcvr.sv                                                        ;
; rtl/phy/phy_sim/altera_xcvr_10gbaser/mentor/av_rx_pma.sv                                                                         ;
; rtl/phy/phy_sim/altera_xcvr_10gbaser/mentor/av_tx_pma.sv                                                                         ;
; rtl/phy/phy_sim/altera_xcvr_10gbaser/mentor/av_tx_pma_ch.sv                                                                      ;
; rtl/phy/phy_sim/altera_xcvr_10gbaser/mentor/av_xcvr_10gbaser_native.sv                                                           ;
; rtl/phy/phy_sim/altera_xcvr_10gbaser/mentor/av_xcvr_10gbaser_nr.sv                                                               ;
; rtl/phy/phy_sim/altera_xcvr_10gbaser/mentor/av_xcvr_avmm.sv                                                                      ;
; rtl/phy/phy_sim/altera_xcvr_10gbaser/mentor/av_xcvr_avmm_csr.sv                                                                  ;
; rtl/phy/phy_sim/altera_xcvr_10gbaser/mentor/av_xcvr_data_adapter.sv                                                              ;
; rtl/phy/phy_sim/altera_xcvr_10gbaser/mentor/av_xcvr_h.sv                                                                         ;
; rtl/phy/phy_sim/altera_xcvr_10gbaser/mentor/av_xcvr_native.sv                                                                    ;
; rtl/phy/phy_sim/altera_xcvr_10gbaser/mentor/av_xcvr_plls.sv                                                                      ;
; rtl/phy/phy_sim/altera_xcvr_10gbaser/mentor/csr_pcs10gbaser.sv                                                                   ;
; rtl/phy/phy_sim/altera_xcvr_10gbaser/mentor/csr_pcs10gbaser_h.sv                                                                 ;
; rtl/phy/phy_sim/altera_xcvr_10gbaser/mentor/sv_reconfig_bundle_merger.sv                                                         ;
; rtl/phy/phy_sim/altera_xcvr_10gbaser/mentor/sv_reconfig_bundle_to_ip.sv                                                          ;
; rtl/phy/phy_sim/altera_xcvr_10gbaser/mentor/sv_reconfig_bundle_to_xcvr.sv                                                        ;
; rtl/phy/phy_sim/altera_xcvr_10gbaser/mentor_files.txt                                                                            ;
; rtl/phy/phy_sim/altera_xcvr_10gbaser/plain_files.txt                                                                             ;
; rtl/phy/phy_sim/altera_xcvr_10gbaser/sv_reconfig_bundle_merger.sv                                                                ;
; rtl/phy/phy_sim/altera_xcvr_10gbaser/sv_reconfig_bundle_to_ip.sv                                                                 ;
; rtl/phy/phy_sim/altera_xcvr_10gbaser/sv_reconfig_bundle_to_xcvr.sv                                                               ;
; rtl/phy/phy_sim/altera_xcvr_10gbaser/synopsys_files.txt                                                                          ;
; rtl/phy/phy_sim/phy.v                                                                                                            ;
; rtl/phy_reconfig/phy_reconfig.cmp                                                                                                ;
; rtl/phy_reconfig/phy_reconfig.qip                                                                                                ;
; rtl/phy_reconfig/phy_reconfig.sip                                                                                                ;
; rtl/phy_reconfig/phy_reconfig.spd                                                                                                ;
; rtl/phy_reconfig/phy_reconfig.v                                                                                                  ;
; rtl/phy_reconfig/phy_reconfig/alt_arbiter_acq.sv                                                                                 ;
; rtl/phy_reconfig/phy_reconfig/alt_xcvr_arbiter.sv                                                                                ;
; rtl/phy_reconfig/phy_reconfig/alt_xcvr_csr_selector.sv                                                                           ;
; rtl/phy_reconfig/phy_reconfig/alt_xcvr_m2s.sv                                                                                    ;
; rtl/phy_reconfig/phy_reconfig/alt_xcvr_reconfig.sv                                                                               ;
; rtl/phy_reconfig/phy_reconfig/alt_xcvr_reconfig_adce.sv                                                                          ;
; rtl/phy_reconfig/phy_reconfig/alt_xcvr_reconfig_analog.sv                                                                        ;
; rtl/phy_reconfig/phy_reconfig/alt_xcvr_reconfig_analog_av.sv                                                                     ;
; rtl/phy_reconfig/phy_reconfig/alt_xcvr_reconfig_basic.sv                                                                         ;
; rtl/phy_reconfig/phy_reconfig/alt_xcvr_reconfig_cal_seq.sv                                                                       ;
; rtl/phy_reconfig/phy_reconfig/alt_xcvr_reconfig_cpu.v                                                                            ;
; rtl/phy_reconfig/phy_reconfig/alt_xcvr_reconfig_cpu_irq_mapper.sv                                                                ;
; rtl/phy_reconfig/phy_reconfig/alt_xcvr_reconfig_cpu_mm_interconnect_0.v                                                          ;
; rtl/phy_reconfig/phy_reconfig/alt_xcvr_reconfig_cpu_mm_interconnect_0_avalon_st_adapter.v                                        ;
; rtl/phy_reconfig/phy_reconfig/alt_xcvr_reconfig_cpu_mm_interconnect_0_avalon_st_adapter_error_adapter_0.sv                       ;
; rtl/phy_reconfig/phy_reconfig/alt_xcvr_reconfig_cpu_mm_interconnect_0_cmd_demux.sv                                               ;
; rtl/phy_reconfig/phy_reconfig/alt_xcvr_reconfig_cpu_mm_interconnect_0_cmd_demux_001.sv                                           ;
; rtl/phy_reconfig/phy_reconfig/alt_xcvr_reconfig_cpu_mm_interconnect_0_cmd_mux.sv                                                 ;
; rtl/phy_reconfig/phy_reconfig/alt_xcvr_reconfig_cpu_mm_interconnect_0_cmd_mux_001.sv                                             ;
; rtl/phy_reconfig/phy_reconfig/alt_xcvr_reconfig_cpu_mm_interconnect_0_router.sv                                                  ;
; rtl/phy_reconfig/phy_reconfig/alt_xcvr_reconfig_cpu_mm_interconnect_0_router_001.sv                                              ;
; rtl/phy_reconfig/phy_reconfig/alt_xcvr_reconfig_cpu_mm_interconnect_0_router_002.sv                                              ;
; rtl/phy_reconfig/phy_reconfig/alt_xcvr_reconfig_cpu_mm_interconnect_0_router_003.sv                                              ;
; rtl/phy_reconfig/phy_reconfig/alt_xcvr_reconfig_cpu_mm_interconnect_0_rsp_mux.sv                                                 ;
; rtl/phy_reconfig/phy_reconfig/alt_xcvr_reconfig_cpu_mm_interconnect_0_rsp_mux_001.sv                                             ;
; rtl/phy_reconfig/phy_reconfig/alt_xcvr_reconfig_cpu_ram.hex                                                                      ;
; rtl/phy_reconfig/phy_reconfig/alt_xcvr_reconfig_cpu_ram.sv                                                                       ;
; rtl/phy_reconfig/phy_reconfig/alt_xcvr_reconfig_cpu_reconfig_cpu.v                                                               ;
; rtl/phy_reconfig/phy_reconfig/alt_xcvr_reconfig_cpu_reconfig_cpu_rf_ram_a.mif                                                    ;
; rtl/phy_reconfig/phy_reconfig/alt_xcvr_reconfig_cpu_reconfig_cpu_rf_ram_b.mif                                                    ;
; rtl/phy_reconfig/phy_reconfig/alt_xcvr_reconfig_cpu_reconfig_cpu_test_bench.v                                                    ;
; rtl/phy_reconfig/phy_reconfig/alt_xcvr_reconfig_dcd.sv                                                                           ;
; rtl/phy_reconfig/phy_reconfig/alt_xcvr_reconfig_dcd_av.sv                                                                        ;
; rtl/phy_reconfig/phy_reconfig/alt_xcvr_reconfig_dcd_cal_av.sv                                                                    ;
; rtl/phy_reconfig/phy_reconfig/alt_xcvr_reconfig_dcd_control_av.sv                                                                ;
; rtl/phy_reconfig/phy_reconfig/alt_xcvr_reconfig_dfe.sv                                                                           ;
; rtl/phy_reconfig/phy_reconfig/alt_xcvr_reconfig_direct.sv                                                                        ;
; rtl/phy_reconfig/phy_reconfig/alt_xcvr_reconfig_eyemon.sv                                                                        ;
; rtl/phy_reconfig/phy_reconfig/alt_xcvr_reconfig_h.sv                                                                             ;
; rtl/phy_reconfig/phy_reconfig/alt_xcvr_reconfig_mif.sv                                                                           ;
; rtl/phy_reconfig/phy_reconfig/alt_xcvr_reconfig_offset_cancellation.sv                                                           ;
; rtl/phy_reconfig/phy_reconfig/alt_xcvr_reconfig_offset_cancellation_av.sv                                                        ;
; rtl/phy_reconfig/phy_reconfig/alt_xcvr_reconfig_pll.sv                                                                           ;
; rtl/phy_reconfig/phy_reconfig/alt_xcvr_reconfig_soc.sv                                                                           ;
; rtl/phy_reconfig/phy_reconfig/alt_xcvr_resync.sv                                                                                 ;
; rtl/phy_reconfig/phy_reconfig/alt_xreconf_analog_ctrlsm.sv                                                                       ;
; rtl/phy_reconfig/phy_reconfig/alt_xreconf_analog_datactrl_av.sv                                                                  ;
; rtl/phy_reconfig/phy_reconfig/alt_xreconf_analog_rmw_av.sv                                                                       ;
; rtl/phy_reconfig/phy_reconfig/alt_xreconf_basic_acq.sv                                                                           ;
; rtl/phy_reconfig/phy_reconfig/alt_xreconf_cif.sv                                                                                 ;
; rtl/phy_reconfig/phy_reconfig/alt_xreconf_uif.sv                                                                                 ;
; rtl/phy_reconfig/phy_reconfig/altera_avalon_sc_fifo.v                                                                            ;
; rtl/phy_reconfig/phy_reconfig/altera_merlin_arbitrator.sv                                                                        ;
; rtl/phy_reconfig/phy_reconfig/altera_merlin_burst_uncompressor.sv                                                                ;
; rtl/phy_reconfig/phy_reconfig/altera_merlin_master_agent.sv                                                                      ;
; rtl/phy_reconfig/phy_reconfig/altera_merlin_master_translator.sv                                                                 ;
; rtl/phy_reconfig/phy_reconfig/altera_merlin_slave_agent.sv                                                                       ;
; rtl/phy_reconfig/phy_reconfig/altera_merlin_slave_translator.sv                                                                  ;
; rtl/phy_reconfig/phy_reconfig/altera_reset_controller.sdc                                                                        ;
; rtl/phy_reconfig/phy_reconfig/altera_reset_controller.v                                                                          ;
; rtl/phy_reconfig/phy_reconfig/altera_reset_synchronizer.v                                                                        ;
; rtl/phy_reconfig/phy_reconfig/altera_wait_generate.v                                                                             ;
; rtl/phy_reconfig/phy_reconfig/altera_xcvr_functions.sv                                                                           ;
; rtl/phy_reconfig/phy_reconfig/av_reconfig_bundle_to_basic.sv                                                                     ;
; rtl/phy_reconfig/phy_reconfig/av_reconfig_bundle_to_xcvr.sv                                                                      ;
; rtl/phy_reconfig/phy_reconfig/av_xcvr_h.sv                                                                                       ;
; rtl/phy_reconfig/phy_reconfig/av_xcvr_reconfig.sdc                                                                               ;
; rtl/phy_reconfig/phy_reconfig/av_xcvr_reconfig_basic.sv                                                                          ;
; rtl/phy_reconfig/phy_reconfig/av_xcvr_reconfig_mif.sv                                                                            ;
; rtl/phy_reconfig/phy_reconfig/av_xcvr_reconfig_mif_avmm.sv                                                                       ;
; rtl/phy_reconfig/phy_reconfig/av_xcvr_reconfig_mif_ctrl.sv                                                                       ;
; rtl/phy_reconfig/phy_reconfig/av_xcvr_reconfig_pll.sv                                                                            ;
; rtl/phy_reconfig/phy_reconfig/av_xcvr_reconfig_pll_ctrl.sv                                                                       ;
; rtl/phy_reconfig/phy_reconfig/av_xrbasic_l2p_addr.sv                                                                             ;
; rtl/phy_reconfig/phy_reconfig/av_xrbasic_l2p_ch.sv                                                                               ;
; rtl/phy_reconfig/phy_reconfig/av_xrbasic_l2p_rom.sv                                                                              ;
; rtl/phy_reconfig/phy_reconfig/av_xrbasic_lif.sv                                                                                  ;
; rtl/phy_reconfig/phy_reconfig/av_xrbasic_lif_csr.sv                                                                              ;
; rtl/phy_reconfig/phy_reconfig/plain_files.txt                                                                                    ;
; rtl/phy_reconfig/phy_reconfig/qencrypt_files.txt                                                                                 ;
; rtl/phy_reconfig/phy_reconfig/sv_reconfig_bundle_to_basic.sv                                                                     ;
; rtl/phy_reconfig/phy_reconfig_sim/alt_xcvr_reconfig/aldec_files.txt                                                              ;
; rtl/phy_reconfig/phy_reconfig_sim/alt_xcvr_reconfig/alt_arbiter_acq.sv                                                           ;
; rtl/phy_reconfig/phy_reconfig_sim/alt_xcvr_reconfig/alt_xcvr_arbiter.sv                                                          ;
; rtl/phy_reconfig/phy_reconfig_sim/alt_xcvr_reconfig/alt_xcvr_csr_selector.sv                                                     ;
; rtl/phy_reconfig/phy_reconfig_sim/alt_xcvr_reconfig/alt_xcvr_m2s.sv                                                              ;
; rtl/phy_reconfig/phy_reconfig_sim/alt_xcvr_reconfig/alt_xcvr_reconfig.sv                                                         ;
; rtl/phy_reconfig/phy_reconfig_sim/alt_xcvr_reconfig/alt_xcvr_reconfig_adce.sv                                                    ;
; rtl/phy_reconfig/phy_reconfig_sim/alt_xcvr_reconfig/alt_xcvr_reconfig_analog.sv                                                  ;
; rtl/phy_reconfig/phy_reconfig_sim/alt_xcvr_reconfig/alt_xcvr_reconfig_analog_av.sv                                               ;
; rtl/phy_reconfig/phy_reconfig_sim/alt_xcvr_reconfig/alt_xcvr_reconfig_basic.sv                                                   ;
; rtl/phy_reconfig/phy_reconfig_sim/alt_xcvr_reconfig/alt_xcvr_reconfig_cal_seq.sv                                                 ;
; rtl/phy_reconfig/phy_reconfig_sim/alt_xcvr_reconfig/alt_xcvr_reconfig_cpu.v                                                      ;
; rtl/phy_reconfig/phy_reconfig_sim/alt_xcvr_reconfig/alt_xcvr_reconfig_cpu_irq_mapper.sv                                          ;
; rtl/phy_reconfig/phy_reconfig_sim/alt_xcvr_reconfig/alt_xcvr_reconfig_cpu_mm_interconnect_0.v                                    ;
; rtl/phy_reconfig/phy_reconfig_sim/alt_xcvr_reconfig/alt_xcvr_reconfig_cpu_mm_interconnect_0_avalon_st_adapter.v                  ;
; rtl/phy_reconfig/phy_reconfig_sim/alt_xcvr_reconfig/alt_xcvr_reconfig_cpu_mm_interconnect_0_avalon_st_adapter_error_adapter_0.sv ;
; rtl/phy_reconfig/phy_reconfig_sim/alt_xcvr_reconfig/alt_xcvr_reconfig_cpu_mm_interconnect_0_cmd_demux.sv                         ;
; rtl/phy_reconfig/phy_reconfig_sim/alt_xcvr_reconfig/alt_xcvr_reconfig_cpu_mm_interconnect_0_cmd_demux_001.sv                     ;
; rtl/phy_reconfig/phy_reconfig_sim/alt_xcvr_reconfig/alt_xcvr_reconfig_cpu_mm_interconnect_0_cmd_mux.sv                           ;
; rtl/phy_reconfig/phy_reconfig_sim/alt_xcvr_reconfig/alt_xcvr_reconfig_cpu_mm_interconnect_0_cmd_mux_001.sv                       ;
; rtl/phy_reconfig/phy_reconfig_sim/alt_xcvr_reconfig/alt_xcvr_reconfig_cpu_mm_interconnect_0_router.sv                            ;
; rtl/phy_reconfig/phy_reconfig_sim/alt_xcvr_reconfig/alt_xcvr_reconfig_cpu_mm_interconnect_0_router_001.sv                        ;
; rtl/phy_reconfig/phy_reconfig_sim/alt_xcvr_reconfig/alt_xcvr_reconfig_cpu_mm_interconnect_0_router_002.sv                        ;
; rtl/phy_reconfig/phy_reconfig_sim/alt_xcvr_reconfig/alt_xcvr_reconfig_cpu_mm_interconnect_0_router_003.sv                        ;
; rtl/phy_reconfig/phy_reconfig_sim/alt_xcvr_reconfig/alt_xcvr_reconfig_cpu_mm_interconnect_0_rsp_mux.sv                           ;
; rtl/phy_reconfig/phy_reconfig_sim/alt_xcvr_reconfig/alt_xcvr_reconfig_cpu_mm_interconnect_0_rsp_mux_001.sv                       ;
; rtl/phy_reconfig/phy_reconfig_sim/alt_xcvr_reconfig/alt_xcvr_reconfig_cpu_ram.hex                                                ;
; rtl/phy_reconfig/phy_reconfig_sim/alt_xcvr_reconfig/alt_xcvr_reconfig_cpu_ram.sv                                                 ;
; rtl/phy_reconfig/phy_reconfig_sim/alt_xcvr_reconfig/alt_xcvr_reconfig_cpu_reconfig_cpu.v                                         ;
; rtl/phy_reconfig/phy_reconfig_sim/alt_xcvr_reconfig/alt_xcvr_reconfig_cpu_reconfig_cpu_nios2_waves.do                            ;
; rtl/phy_reconfig/phy_reconfig_sim/alt_xcvr_reconfig/alt_xcvr_reconfig_cpu_reconfig_cpu_rf_ram_a.dat                              ;
; rtl/phy_reconfig/phy_reconfig_sim/alt_xcvr_reconfig/alt_xcvr_reconfig_cpu_reconfig_cpu_rf_ram_a.hex                              ;
; rtl/phy_reconfig/phy_reconfig_sim/alt_xcvr_reconfig/alt_xcvr_reconfig_cpu_reconfig_cpu_rf_ram_a.mif                              ;
; rtl/phy_reconfig/phy_reconfig_sim/alt_xcvr_reconfig/alt_xcvr_reconfig_cpu_reconfig_cpu_rf_ram_b.dat                              ;
; rtl/phy_reconfig/phy_reconfig_sim/alt_xcvr_reconfig/alt_xcvr_reconfig_cpu_reconfig_cpu_rf_ram_b.hex                              ;
; rtl/phy_reconfig/phy_reconfig_sim/alt_xcvr_reconfig/alt_xcvr_reconfig_cpu_reconfig_cpu_rf_ram_b.mif                              ;
; rtl/phy_reconfig/phy_reconfig_sim/alt_xcvr_reconfig/alt_xcvr_reconfig_cpu_reconfig_cpu_test_bench.v                              ;
; rtl/phy_reconfig/phy_reconfig_sim/alt_xcvr_reconfig/alt_xcvr_reconfig_dcd.sv                                                     ;
; rtl/phy_reconfig/phy_reconfig_sim/alt_xcvr_reconfig/alt_xcvr_reconfig_dcd_av.sv                                                  ;
; rtl/phy_reconfig/phy_reconfig_sim/alt_xcvr_reconfig/alt_xcvr_reconfig_dcd_cal_av.sv                                              ;
; rtl/phy_reconfig/phy_reconfig_sim/alt_xcvr_reconfig/alt_xcvr_reconfig_dcd_control_av.sv                                          ;
; rtl/phy_reconfig/phy_reconfig_sim/alt_xcvr_reconfig/alt_xcvr_reconfig_dfe.sv                                                     ;
; rtl/phy_reconfig/phy_reconfig_sim/alt_xcvr_reconfig/alt_xcvr_reconfig_direct.sv                                                  ;
; rtl/phy_reconfig/phy_reconfig_sim/alt_xcvr_reconfig/alt_xcvr_reconfig_eyemon.sv                                                  ;
; rtl/phy_reconfig/phy_reconfig_sim/alt_xcvr_reconfig/alt_xcvr_reconfig_h.sv                                                       ;
; rtl/phy_reconfig/phy_reconfig_sim/alt_xcvr_reconfig/alt_xcvr_reconfig_mif.sv                                                     ;
; rtl/phy_reconfig/phy_reconfig_sim/alt_xcvr_reconfig/alt_xcvr_reconfig_offset_cancellation.sv                                     ;
; rtl/phy_reconfig/phy_reconfig_sim/alt_xcvr_reconfig/alt_xcvr_reconfig_offset_cancellation_av.sv                                  ;
; rtl/phy_reconfig/phy_reconfig_sim/alt_xcvr_reconfig/alt_xcvr_reconfig_pll.sv                                                     ;
; rtl/phy_reconfig/phy_reconfig_sim/alt_xcvr_reconfig/alt_xcvr_reconfig_soc.sv                                                     ;
; rtl/phy_reconfig/phy_reconfig_sim/alt_xcvr_reconfig/alt_xcvr_resync.sv                                                           ;
; rtl/phy_reconfig/phy_reconfig_sim/alt_xcvr_reconfig/alt_xreconf_analog_ctrlsm.sv                                                 ;
; rtl/phy_reconfig/phy_reconfig_sim/alt_xcvr_reconfig/alt_xreconf_analog_datactrl_av.sv                                            ;
; rtl/phy_reconfig/phy_reconfig_sim/alt_xcvr_reconfig/alt_xreconf_analog_rmw_av.sv                                                 ;
; rtl/phy_reconfig/phy_reconfig_sim/alt_xcvr_reconfig/alt_xreconf_basic_acq.sv                                                     ;
; rtl/phy_reconfig/phy_reconfig_sim/alt_xcvr_reconfig/alt_xreconf_cif.sv                                                           ;
; rtl/phy_reconfig/phy_reconfig_sim/alt_xcvr_reconfig/alt_xreconf_uif.sv                                                           ;
; rtl/phy_reconfig/phy_reconfig_sim/alt_xcvr_reconfig/altera_avalon_sc_fifo.v                                                      ;
; rtl/phy_reconfig/phy_reconfig_sim/alt_xcvr_reconfig/altera_merlin_arbitrator.sv                                                  ;
; rtl/phy_reconfig/phy_reconfig_sim/alt_xcvr_reconfig/altera_merlin_burst_uncompressor.sv                                          ;
; rtl/phy_reconfig/phy_reconfig_sim/alt_xcvr_reconfig/altera_merlin_master_agent.sv                                                ;
; rtl/phy_reconfig/phy_reconfig_sim/alt_xcvr_reconfig/altera_merlin_master_translator.sv                                           ;
; rtl/phy_reconfig/phy_reconfig_sim/alt_xcvr_reconfig/altera_merlin_slave_agent.sv                                                 ;
; rtl/phy_reconfig/phy_reconfig_sim/alt_xcvr_reconfig/altera_merlin_slave_translator.sv                                            ;
; rtl/phy_reconfig/phy_reconfig_sim/alt_xcvr_reconfig/altera_reset_controller.sdc                                                  ;
; rtl/phy_reconfig/phy_reconfig_sim/alt_xcvr_reconfig/altera_reset_controller.v                                                    ;
; rtl/phy_reconfig/phy_reconfig_sim/alt_xcvr_reconfig/altera_reset_synchronizer.v                                                  ;
; rtl/phy_reconfig/phy_reconfig_sim/alt_xcvr_reconfig/altera_wait_generate.v                                                       ;
; rtl/phy_reconfig/phy_reconfig_sim/alt_xcvr_reconfig/altera_xcvr_functions.sv                                                     ;
; rtl/phy_reconfig/phy_reconfig_sim/alt_xcvr_reconfig/av_reconfig_bundle_to_basic.sv                                               ;
; rtl/phy_reconfig/phy_reconfig_sim/alt_xcvr_reconfig/av_reconfig_bundle_to_xcvr.sv                                                ;
; rtl/phy_reconfig/phy_reconfig_sim/alt_xcvr_reconfig/av_xcvr_h.sv                                                                 ;
; rtl/phy_reconfig/phy_reconfig_sim/alt_xcvr_reconfig/av_xcvr_reconfig_basic.sv                                                    ;
; rtl/phy_reconfig/phy_reconfig_sim/alt_xcvr_reconfig/av_xcvr_reconfig_mif.sv                                                      ;
; rtl/phy_reconfig/phy_reconfig_sim/alt_xcvr_reconfig/av_xcvr_reconfig_mif_avmm.sv                                                 ;
; rtl/phy_reconfig/phy_reconfig_sim/alt_xcvr_reconfig/av_xcvr_reconfig_mif_ctrl.sv                                                 ;
; rtl/phy_reconfig/phy_reconfig_sim/alt_xcvr_reconfig/av_xcvr_reconfig_pll.sv                                                      ;
; rtl/phy_reconfig/phy_reconfig_sim/alt_xcvr_reconfig/av_xcvr_reconfig_pll_ctrl.sv                                                 ;
; rtl/phy_reconfig/phy_reconfig_sim/alt_xcvr_reconfig/av_xrbasic_l2p_addr.sv                                                       ;
; rtl/phy_reconfig/phy_reconfig_sim/alt_xcvr_reconfig/av_xrbasic_l2p_ch.sv                                                         ;
; rtl/phy_reconfig/phy_reconfig_sim/alt_xcvr_reconfig/av_xrbasic_l2p_rom.sv                                                        ;
; rtl/phy_reconfig/phy_reconfig_sim/alt_xcvr_reconfig/av_xrbasic_lif.sv                                                            ;
; rtl/phy_reconfig/phy_reconfig_sim/alt_xcvr_reconfig/av_xrbasic_lif_csr.sv                                                        ;
; rtl/phy_reconfig/phy_reconfig_sim/alt_xcvr_reconfig/cadence_files.txt                                                            ;
; rtl/phy_reconfig/phy_reconfig_sim/alt_xcvr_reconfig/mentor/alt_arbiter_acq.sv                                                    ;
; rtl/phy_reconfig/phy_reconfig_sim/alt_xcvr_reconfig/mentor/alt_xcvr_arbiter.sv                                                   ;
; rtl/phy_reconfig/phy_reconfig_sim/alt_xcvr_reconfig/mentor/alt_xcvr_csr_selector.sv                                              ;
; rtl/phy_reconfig/phy_reconfig_sim/alt_xcvr_reconfig/mentor/alt_xcvr_m2s.sv                                                       ;
; rtl/phy_reconfig/phy_reconfig_sim/alt_xcvr_reconfig/mentor/alt_xcvr_reconfig.sv                                                  ;
; rtl/phy_reconfig/phy_reconfig_sim/alt_xcvr_reconfig/mentor/alt_xcvr_reconfig_adce.sv                                             ;
; rtl/phy_reconfig/phy_reconfig_sim/alt_xcvr_reconfig/mentor/alt_xcvr_reconfig_analog.sv                                           ;
; rtl/phy_reconfig/phy_reconfig_sim/alt_xcvr_reconfig/mentor/alt_xcvr_reconfig_analog_av.sv                                        ;
; rtl/phy_reconfig/phy_reconfig_sim/alt_xcvr_reconfig/mentor/alt_xcvr_reconfig_basic.sv                                            ;
; rtl/phy_reconfig/phy_reconfig_sim/alt_xcvr_reconfig/mentor/alt_xcvr_reconfig_cal_seq.sv                                          ;
; rtl/phy_reconfig/phy_reconfig_sim/alt_xcvr_reconfig/mentor/alt_xcvr_reconfig_dcd.sv                                              ;
; rtl/phy_reconfig/phy_reconfig_sim/alt_xcvr_reconfig/mentor/alt_xcvr_reconfig_dcd_av.sv                                           ;
; rtl/phy_reconfig/phy_reconfig_sim/alt_xcvr_reconfig/mentor/alt_xcvr_reconfig_dcd_cal_av.sv                                       ;
; rtl/phy_reconfig/phy_reconfig_sim/alt_xcvr_reconfig/mentor/alt_xcvr_reconfig_dcd_control_av.sv                                   ;
; rtl/phy_reconfig/phy_reconfig_sim/alt_xcvr_reconfig/mentor/alt_xcvr_reconfig_dfe.sv                                              ;
; rtl/phy_reconfig/phy_reconfig_sim/alt_xcvr_reconfig/mentor/alt_xcvr_reconfig_eyemon.sv                                           ;
; rtl/phy_reconfig/phy_reconfig_sim/alt_xcvr_reconfig/mentor/alt_xcvr_reconfig_h.sv                                                ;
; rtl/phy_reconfig/phy_reconfig_sim/alt_xcvr_reconfig/mentor/alt_xcvr_reconfig_mif.sv                                              ;
; rtl/phy_reconfig/phy_reconfig_sim/alt_xcvr_reconfig/mentor/alt_xcvr_reconfig_offset_cancellation.sv                              ;
; rtl/phy_reconfig/phy_reconfig_sim/alt_xcvr_reconfig/mentor/alt_xcvr_reconfig_offset_cancellation_av.sv                           ;
; rtl/phy_reconfig/phy_reconfig_sim/alt_xcvr_reconfig/mentor/alt_xcvr_reconfig_pll.sv                                              ;
; rtl/phy_reconfig/phy_reconfig_sim/alt_xcvr_reconfig/mentor/alt_xcvr_resync.sv                                                    ;
; rtl/phy_reconfig/phy_reconfig_sim/alt_xcvr_reconfig/mentor/alt_xreconf_analog_ctrlsm.sv                                          ;
; rtl/phy_reconfig/phy_reconfig_sim/alt_xcvr_reconfig/mentor/alt_xreconf_analog_datactrl_av.sv                                     ;
; rtl/phy_reconfig/phy_reconfig_sim/alt_xcvr_reconfig/mentor/alt_xreconf_analog_rmw_av.sv                                          ;
; rtl/phy_reconfig/phy_reconfig_sim/alt_xcvr_reconfig/mentor/alt_xreconf_basic_acq.sv                                              ;
; rtl/phy_reconfig/phy_reconfig_sim/alt_xcvr_reconfig/mentor/alt_xreconf_cif.sv                                                    ;
; rtl/phy_reconfig/phy_reconfig_sim/alt_xcvr_reconfig/mentor/alt_xreconf_uif.sv                                                    ;
; rtl/phy_reconfig/phy_reconfig_sim/alt_xcvr_reconfig/mentor/altera_wait_generate.v                                                ;
; rtl/phy_reconfig/phy_reconfig_sim/alt_xcvr_reconfig/mentor/altera_xcvr_functions.sv                                              ;
; rtl/phy_reconfig/phy_reconfig_sim/alt_xcvr_reconfig/mentor/av_reconfig_bundle_to_basic.sv                                        ;
; rtl/phy_reconfig/phy_reconfig_sim/alt_xcvr_reconfig/mentor/av_reconfig_bundle_to_xcvr.sv                                         ;
; rtl/phy_reconfig/phy_reconfig_sim/alt_xcvr_reconfig/mentor/av_xcvr_h.sv                                                          ;
; rtl/phy_reconfig/phy_reconfig_sim/alt_xcvr_reconfig/mentor/av_xcvr_reconfig_basic.sv                                             ;
; rtl/phy_reconfig/phy_reconfig_sim/alt_xcvr_reconfig/mentor/av_xcvr_reconfig_mif.sv                                               ;
; rtl/phy_reconfig/phy_reconfig_sim/alt_xcvr_reconfig/mentor/av_xcvr_reconfig_mif_avmm.sv                                          ;
; rtl/phy_reconfig/phy_reconfig_sim/alt_xcvr_reconfig/mentor/av_xcvr_reconfig_mif_ctrl.sv                                          ;
; rtl/phy_reconfig/phy_reconfig_sim/alt_xcvr_reconfig/mentor/av_xcvr_reconfig_pll.sv                                               ;
; rtl/phy_reconfig/phy_reconfig_sim/alt_xcvr_reconfig/mentor/av_xcvr_reconfig_pll_ctrl.sv                                          ;
; rtl/phy_reconfig/phy_reconfig_sim/alt_xcvr_reconfig/mentor/av_xrbasic_l2p_addr.sv                                                ;
; rtl/phy_reconfig/phy_reconfig_sim/alt_xcvr_reconfig/mentor/av_xrbasic_l2p_ch.sv                                                  ;
; rtl/phy_reconfig/phy_reconfig_sim/alt_xcvr_reconfig/mentor/av_xrbasic_l2p_rom.sv                                                 ;
; rtl/phy_reconfig/phy_reconfig_sim/alt_xcvr_reconfig/mentor/av_xrbasic_lif.sv                                                     ;
; rtl/phy_reconfig/phy_reconfig_sim/alt_xcvr_reconfig/mentor/av_xrbasic_lif_csr.sv                                                 ;
; rtl/phy_reconfig/phy_reconfig_sim/alt_xcvr_reconfig/mentor/sv_reconfig_bundle_to_basic.sv                                        ;
; rtl/phy_reconfig/phy_reconfig_sim/alt_xcvr_reconfig/mentor_files.txt                                                             ;
; rtl/phy_reconfig/phy_reconfig_sim/alt_xcvr_reconfig/plain_files.txt                                                              ;
; rtl/phy_reconfig/phy_reconfig_sim/alt_xcvr_reconfig/sv_reconfig_bundle_to_basic.sv                                               ;
; rtl/phy_reconfig/phy_reconfig_sim/alt_xcvr_reconfig/synopsys_files.txt                                                           ;
; rtl/phy_reconfig/phy_reconfig_sim/phy_reconfig.v                                                                                 ;
; rtl/pll/pll.cmp                                                                                                                  ;
; rtl/pll/pll.qip                                                                                                                  ;
; rtl/pll/pll.sip                                                                                                                  ;
; rtl/pll/pll.spd                                                                                                                  ;
; rtl/pll/pll.v                                                                                                                    ;
; rtl/pll/pll/pll_0002.qip                                                                                                         ;
; rtl/pll/pll/pll_0002.v                                                                                                           ;
; rtl/pll/pll_sim/pll.vo                                                                                                           ;
; rtl/sync_reset.v                                                                                                                 ;
; rtl/sync_signal.v                                                                                                                ;
+----------------------------------------------------------------------------------------------------------------------------------+


